// Jest Snapshot v1, https://goo.gl/fbAQLP

exports[`Item should match base snapshot 1`] = `
<a
  aria-current={null}
  className="MuiButtonBase-root-13 MuiListItem-root-3 MuiListItem-default-6 MuiListItem-gutters-10 MuiListItem-button-11 MuiMenuItem-root-1 example class name"
  href="/example/path"
  onBlur={[Function]}
  onClick={[Function]}
  onFocus={[Function]}
  onKeyDown={[Function]}
  onKeyUp={[Function]}
  onMouseDown={[Function]}
  onMouseLeave={[Function]}
  onMouseUp={[Function]}
  onTouchEnd={[Function]}
  onTouchMove={[Function]}
  onTouchStart={[Function]}
  role="menuitem"
  style={undefined}
  tabIndex={-1}
>
  <span
    className="MuiListItemIcon-root-16 sc-bdVaJa gguFeu"
  >
    <p />
  </span>
  Lorem ipsum
  <span
    className="MuiTouchRipple-root-17"
  />
</a>
`;
