// Jest Snapshot v1, https://goo.gl/fbAQLP

exports[`UserAvatar should match main snapshot 1`] = `
.c0 {
  position: relative;
  display: inline-block;
}

.c1 {
  width: 11px;
  height: 11px;
  border-radius: 100%;
  position: absolute;
  bottom: 3px;
  right: 3px;
  background-color: #0aa699;
}

<div
  className="c0"
>
  <div
    className="MuiAvatar-root-2 UserAvatar-bigAvatar-1"
  >
    <img
      alt="image alt"
      className="MuiAvatar-img-4"
      sizes={undefined}
      src="image/src/"
      srcSet={undefined}
    />
  </div>
  <div
    className="c1"
  />
</div>
`;
